<?xml version="1.0" encoding="utf-8"?><testsuites><testsuite name="pytest" errors="0" failures="0" skipped="0" tests="11" time="2.363" timestamp="2025-07-18T09:31:28.301238" hostname="DESKTOP-AVT6H08"><testcase classname="testy.test_case_01.TestCalculator" name="test_add_mixed_numbers" time="0.141" /><testcase classname="testy.test_case_01.TestCalculator" name="test_add_negative_numbers" time="0.001" /><testcase classname="testy.test_case_01.TestCalculator" name="test_add_positive_numbers" time="0.002" /><testcase classname="testy.test_case_02" name="test_create_user" time="0.034" /><testcase classname="testy.test_case_02" name="test_read_user" time="0.009" /><testcase classname="testy.test_case_03" name="test_add[1-2-3]" time="0.002" /><testcase classname="testy.test_case_03" name="test_add[2-3-5]" time="0.002" /><testcase classname="testy.test_case_03" name="test_add[3-4-7]" time="0.001" /><testcase classname="testy.test_case_03" name="test_divide" time="0.001" /><testcase classname="testy.test_case_03" name="test_divide_by_zero" time="0.003" /><testcase classname="testy.test_case_03" name="test_heavy_calculation" time="0.002" /></testsuite></testsuites>